0,cs0_drv:0x00,hd_drv:0x00,wp_drv:0x00
mode:Dï¿½ets Jul 29 2019 12:21:46

rst:0x1 (POWERON_RESET),boot:0x13 (SPI_FAST_FLASH_BOOT)
configsip: 0, SPIWP:0xee
clk_drv:0x00,q_drv:0x00,d_drv:0x00,cs0_drv:0x00,hd_drv:0x00,wp_drv:0x00
mode:DIO, clock div:2
load:0x3fff0030,len:7172
load:0x40078000,len:15532
load:0x40080400,len:4
load:0x40080404,len:3904
entry 0x40080640
[0;32mI (29) boot: ESP-IDF v5.2 2nd stage bootloader[0m
[0;32mI (29) boot: compile time Mar  4 2024 15:13:04[0m
[0;32mI (29) boot: Multicore bootloader[0m
[0;32mI (33) boot: chip revision: v3.0[0m
[0;32mI (37) boot.esp32: SPI Speed      : 40MHz[0m
[0;32mI (42) boot.esp32: SPI Mode       : DIO[0m
[0;32mI (46) boot.esp32: SPI Flash Size : 2MB[0m
[0;32mI (51) boot: Enabling RNG early entropy source...[0m
[0;32mI (56) boot: Partition Table:[0m
[0;32mI (60) boot: ## Label            Usage          Type ST Offset   Length[0m
[0;32mI (67) boot:  0 nvs              WiFi data        01 02 00009000 00006000[0m
[0;32mI (75) boot:  1 phy_init         RF data          01 01 0000f000 00001000[0m
[0;32mI (82) boot:  2 factory          factory app      00 00 00010000 00100000[0m
[0;32mI (90) boot: End of partition table[0m
[0;32mI (94) esp_image: segment 0: paddr=00010020 vaddr=3f400020 size=21c24h (138276) map[0m
[0;32mI (150) esp_image: segment 1: paddr=00031c4c vaddr=3ffb0000 size=03ba4h ( 15268) load[0m
[0;32mI (156) esp_image: segment 2: paddr=000357f8 vaddr=40080000 size=0a820h ( 43040) load[0m
[0;32mI (173) esp_image: segment 3: paddr=00040020 vaddr=400d0020 size=80e5ch (527964) map[0m
[0;32mI (354) esp_image: segment 4: paddr=000c0e84 vaddr=4008a820 size=0be60h ( 48736) load[0m
[0;32mI (384) boot: Loaded app from partition at offset 0x10000[0m
[0;32mI (385) boot: Disabling RNG early entropy source...[0m
[0;32mI (396) cpu_start: Multicore app[0m
[0;32mI (405) cpu_start: Pro cpu start user code[0m
[0;32mI (405) cpu_start: cpu freq: 160000000 Hz[0m
[0;32mI (405) cpu_start: Application information:[0m
[0;32mI (408) cpu_start: Project name:     miprograma_esp32[0m
[0;32mI (414) cpu_start: App version:      1f375f4-dirty[0m
[0;32mI (419) cpu_start: Compile time:     Mar  4 2024 18:38:39[0m
[0;32mI (425) cpu_start: ELF file SHA256:  950daa6e3...[0m
[0;32mI (431) cpu_start: ESP-IDF:          v5.2[0m
[0;32mI (435) cpu_start: Min chip rev:     v0.0[0m
[0;32mI (440) cpu_start: Max chip rev:     v3.99 [0m
[0;32mI (445) cpu_start: Chip rev:         v3.0[0m
[0;32mI (450) heap_init: Initializing. RAM available for dynamic allocation:[0m
[0;32mI (457) heap_init: At 3FFAE6E0 len 00001920 (6 KiB): DRAM[0m
[0;32mI (463) heap_init: At 3FFB7CB8 len 00028348 (160 KiB): DRAM[0m
[0;32mI (469) heap_init: At 3FFE0440 len 00003AE0 (14 KiB): D/IRAM[0m
[0;32mI (475) heap_init: At 3FFE4350 len 0001BCB0 (111 KiB): D/IRAM[0m
[0;32mI (482) heap_init: At 40096680 len 00009980 (38 KiB): IRAM[0m
[0;32mI (489) spi_flash: detected chip: generic[0m
[0;32mI (493) spi_flash: flash io: dio[0m
[0;33mW (497) spi_flash: Detected size(4096k) larger than the size in the binary image header(2048k). Using the size in the binary image header.[0m
[0;32mI (511) main_task: Started on CPU0[0m
[0;32mI (521) main_task: Calling app_main()[0m
------------------------------
[0;32mI (561) WIFI: wifi_setup: starting[0m
I (571) wifi:wifi driver task: 3ffbfdb0, prio:23, stack:6656, core=0
I (591) wifi:wifi firmware version: cc1dd81
I (591) wifi:wifi certification version: v7.0
I (591) wifi:config NVS flash: enabled
I (591) wifi:config nano formating: disabled
I (601) wifi:Init data frame dynamic rx buffer num: 32
I (601) wifi:Init static rx mgmt buffer num: 5
I (611) wifi:Init management short buffer num: 32
I (611) wifi:Init dynamic tx buffer num: 32
I (611) wifi:Init static rx buffer size: 1600
I (621) wifi:Init static rx buffer num: 10
I (621) wifi:Init dynamic rx buffer num: 32
[0;32mI (631) wifi_init: rx ba win: 6[0m
[0;32mI (631) wifi_init: tcpip mbox: 32[0m
[0;32mI (631) wifi_init: udp mbox: 6[0m
[0;32mI (641) wifi_init: tcp mbox: 6[0m
[0;32mI (641) wifi_init: tcp tx win: 5760[0m
[0;32mI (641) wifi_init: tcp rx win: 5760[0m
[0;32mI (651) wifi_init: tcp mss: 1440[0m
[0;32mI (651) wifi_init: WiFi IRAM OP enabled[0m
[0;32mI (661) wifi_init: WiFi RX IRAM OP enabled[0m
[0;32mI (661) WIFI: SSID: ssid -- PASS: password[0m
[0;32mI (671) phy_init: phy_version 4791,2c4672b,Dec 20 2023,16:06:06[0m
I (751) wifi:mode : sta (a8:42:e3:ce:6f:10)
I (761) wifi:enable tsf
event_id: 40
[0;32mI (761) WIFI: wifi_setup: done[0m
------------------------------
[0;32mI (761) WIFI: start[0m
[0;32mI (3171) WIFI: disconnected trying to reconect in 5 seconds[0m
E (8181) wifi:NAN WiFi stop
I (8181) wifi:flush txq
I (8181) wifi:stop sw txq
I (8181) wifi:lmac stop hw txq
ets Jul 29 2019 12:21:46

rst:0xc (SW_CPU_RESET),boot:0x13 (SPI_FAST_FLASH_BOOT)
configsip: 0, SPIWP:0xee
clk_drv:0x00,q_drv:0x00,d_drv:0x00,cs0_drv:0x00,hd_drv:0x00,wp_drv:0x00
mode:DIO, clock div:2
load:0x3fff0030,len:7172
load:0x40078000,len:15532
load:0x40080400,len:4
load:0x40080404,len:3904
entry 0x40080640
[0;32mI (29) boot: ESP-IDF v5.2 2nd stage bootloader[0m
[0;32mI (29) boot: compile time Mar  4 2024 15:13:04[0m
[0;32mI (29) boot: Multicore bootloader[0m
[0;32mI (33) boot: chip revision: v3.0[0m
[0;32mI (37) boot.esp32: SPI Speed      : 40MHz[0m
[0;32mI (42) boot.esp32: SPI Mode       : DIO[0m
[0;32mI (46) boot.esp32: SPI Flash Size : 2MB[0m
[0;32mI (51) boot: Enabling RNG early entropy source...[0m
[0;32mI (56) boot: Partition Table:[0m
[0;32mI (60) boot: ## Label            Usage          Type ST Offset   Length[0m
[0;32mI (67) boot:  0 nvs              WiFi data        01 02 00009000 00006000[0m
[0;32mI (75) boot:  1 phy_init         RF data          01 01 0000f000 00001000[0m
[0;32mI (82) boot:  2 factory          factory app      00 00 00010000 00100000[0m
[0;32mI (90) boot: End of partition table[0m
[0;32mI (94) esp_image: segment 0: paddr=00010020 vaddr=3f400020 size=21c24h (138276) map[0m
[0;32mI (150) esp_image: segment 1: paddr=00031c4c vaddr=3ffb0000 size=03ba4h ( 15268) load[0m
[0;32mI (156) esp_image: segment 2: paddr=000357f8 vaddr=40080000 size=0a820h ( 43040) load[0m
[0;32mI (173) esp_image: segment 3: paddr=00040020 vaddr=400d0020 size=80e5ch (527964) map[0m
[0;32mI (354) esp_image: segment 4: paddr=000c0e84 vaddr=4008a820 size=0be60h ( 48736) load[0m
[0;32mI (384) boot: Loaded app from partition at offset 0x10000[0m
[0;32mI (384) boot: Disabling RNG early entropy source...[0m
[0;32mI (396) cpu_start: Multicore app[0m
[0;32mI (405) cpu_start: Pro cpu start user code[0m
[0;32mI (405) cpu_start: cpu freq: 160000000 Hz[0m
[0;32mI (405) cpu_start: Application information:[0m
[0;32mI (408) cpu_start: Project name:     miprograma_esp32[0m
[0;32mI (414) cpu_start: App version:      1f375f4-dirty[0m
[0;32mI (419) cpu_start: Compile time:     Mar  4 2024 18:38:39[0m
[0;32mI (425) cpu_start: ELF file SHA256:  950daa6e3...[0m
[0;32mI (430) cpu_start: ESP-IDF:          v5.2[0m
[0;32mI (435) cpu_start: Min chip rev:     v0.0[0m
[0;32mI (440) cpu_start: Max chip rev:     v3.99 [0m
[0;32mI (445) cpu_start: Chip rev:         v3.0[0m
[0;32mI (450) heap_init: Initializing. RAM available for dynamic allocation:[0m
[0;32mI (457) heap_init: At 3FFAE6E0 len 00001920 (6 KiB): DRAM[0m
[0;32mI (463) heap_init: At 3FFB7CB8 len 00028348 (160 KiB): DRAM[0m
[0;32mI (469) heap_init: At 3FFE0440 len 00003AE0 (14 KiB): D/IRAM[0m
[0;32mI (475) heap_init: At 3FFE4350 len 0001BCB0 (111 KiB): D/IRAM[0m
[0;32mI (482) heap_init: At 40096680 len 00009980 (38 KiB): IRAM[0m
[0;32mI (489) spi_flash: detected chip: generic[0m
[0;32mI (493) spi_flash: flash io: dio[0m
[0;33mW (496) spi_flash: Detected size(4096k) larger than the size in the binary image header(2048k). Using the size in the binary image header.[0m
[0;32mI (511) main_task: Started on CPU0[0m
[0;32mI (521) main_task: Calling app_main()[0m
------------------------------
[0;32mI (561) WIFI: wifi_setup: starting[0m
I (571) wifi:wifi driver task: 3ffbfdb0, prio:23, stack:6656, core=0
I (591) wifi:wifi firmware version: cc1dd81
I (591) wifi:wifi certification version: v7.0
I (591) wifi:config NVS flash: enabled
I (591) wifi:config nano formating: disabled
I (601) wifi:Init data frame dynamic rx buffer num: 32
I (601) wifi:Init static rx mgmt buffer num: 5
I (611) wifi:Init management short buffer num: 32
I (611) wifi:Init dynamic tx buffer num: 32
I (611) wifi:Init static rx buffer size: 1600
I (621) wifi:Init static rx buffer num: 10
I (621) wifi:Init dynamic rx buffer num: 32
[0;32mI (631) wifi_init: rx ba win: 6[0m
[0;32mI (631) wifi_init: tcpip mbox: 32[0m
[0;32mI (631) wifi_init: udp mbox: 6[0m
[0;32mI (641) wifi_init: tcp mbox: 6[0m
[0;32mI (641) wifi_init: tcp tx win: 5760[0m
[0;32mI (641) wifi_init: tcp rx win: 5760[0m
[0;32mI (651) wifi_init: tcp mss: 1440[0m
[0;32mI (651) wifi_init: WiFi IRAM OP enabled[0m
[0;32mI (661) wifi_init: WiFi RX IRAM OP enabled[0m
[0;32mI (661) WIFI: SSID: ssid -- PASS: password[0m
[0;32mI (671) phy_init: phy_version 4791,2c4672b,Dec 20 2023,16:06:06[0m
I (751) wifi:mode : sta (a8:42:e3:ce:6f:10)
I (761) wifi:enable tsf
event_id: 40
[0;32mI (761) WIFI: wifi_setup: done[0m
------------------------------
[0;32mI (761) WIFI: start[0m
[0;32mI (3171) WIFI: disconnected trying to reconect in 5 seconds[0m
E (8171) wifi:NAN WiFi stop
I (8171) wifi:flush txq
I (8171) wifi:stop sw txq
I (8171) wifi:lmac stop hw txq
ets Jul 29 2019 12:21:46

rst:0xc (SW_CPU_RESET),boot:0x13 (SPI_FAST_FLASH_BOOT)
configsip: 0, SPIWP:0xee
clk_drv:0x00,q_drv:0x00,d_drv:0x00,cs0_drv:0x00,hd_drv:0x00,wp_drv:0x00
mode:DIO, clock div:2
load:0x3fff0030,len:7172
load:0x40078000,len:15532
load:0x40080400,len:4
load:0x40080404,len:3904
entry 0x40080640
[0;32mI (29) boot: ESP-IDF v5.2 2nd stage bootloader[0m
[0;32mI (29) boot: compile time Mar  4 2024 15:13:04[0m
[0;32mI (29) boot: Multicore bootloader[0m
[0;32mI (33) boot: chip revision: v3.0[0m
[0;32mI (37) boot.esp32: SPI Speed      : 40MHz[0m
[0;32mI (42) boot.esp32: SPI Mode       : DIO[0m
[0;32mI (46) boot.esp32: SPI Flash Size : 2MB[0m
[0;32mI (51) boot: Enabling RNG early entropy source...[0m
[0;32mI (56) boot: Partition Table:[0m
[0;32mI (60) boot: ## Label            Usage          Type ST Offset   Length[0m
[0;32mI (67) boot:  0 nvs              WiFi data        01 02 00009000 00006000[0m
[0;32mI (75) boot:  1 phy_init         RF data          01 01 0000f000 00001000[0m
[0;32mI (82) boot:  2 factory          factory app      00 00 00010000 00100000[0m
[0;32mI (90) boot: End of partition table[0m
[0;32mI (94) esp_image: segment 0: paddr=00010020 vaddr=3f400020 size=21c24h (138276) map[0m
[0;32mI (150) esp_image: segment 1: paddr=00031c4c vaddr=3ffb0000 size=03ba4h ( 15268) load[0m
[0;32mI (156) esp_image: segment 2: paddr=000357f8 vaddr=40080000 size=0a820h ( 43040) load[0m
[0;32mI (173) esp_image: segment 3: paddr=00040020 vaddr=400d0020 size=80e5ch (527964) map[0m
[0;32mI (354) esp_image: segment 4: paddr=000c0e84 vaddr=4008a820 size=0be60h ( 48736) load[0m
[0;32mI (384) boot: Loaded app from partition at offset 0x10000[0m
[0;32mI (384) boot: Disabling RNG early entropy source...[0m
[0;32mI (396) cpu_start: Multicore app[0m
[0;32mI (405) cpu_start: Pro cpu start user code[0m
[0;32mI (405) cpu_start: cpu freq: 160000000 Hz[0m
[0;32mI (405) cpu_start: Application information:[0m
[0;32mI (408) cpu_start: Project name:     miprograma_esp32[0m
[0;32mI (414) cpu_start: App version:      1f375f4-dirty[0m
[0;32mI (419) cpu_start: Compile time:     Mar  4 2024 18:38:39[0m
[0;32mI (425) cpu_start: ELF file SHA256:  950daa6e3...[0m
[0;32mI (430) cpu_start: ESP-IDF:          v5.2[0m
[0;32mI (435) cpu_start: Min chip rev:     v0.0[0m
[0;32mI (440) cpu_start: Max chip rev:     v3.99 [0m
[0;32mI (445) cpu_start: Chip rev:         v3.0[0m
[0;32mI (450) heap_init: Initializing. RAM available for dynamic allocation:[0m
[0;32mI (457) heap_init: At 3FFAE6E0 len 00001920 (6 KiB): DRAM[0m
[0;32mI (463) heap_init: At 3FFB7CB8 len 00028348 (160 KiB): DRAM[0m
[0;32mI (469) heap_init: At 3FFE0440 len 00003AE0 (14 KiB): D/IRAM[0m
[0;32mI (475) heap_init: At 3FFE4350 len 0001BCB0 (111 KiB): D/IRAM[0m
[0;32mI (482) heap_init: At 40096680 len 00009980 (38 KiB): IRAM[0m
[0;32mI (489) spi_flash: detected chip: generic[0m
[0;32mI (493) spi_flash: flash io: dio[0m
[0;33mW (496) spi_flash: Detected size(4096k) larger than the size in the binary image header(2048k). Using the size in the binary image header.[0m
[0;32mI (511) main_task: Started on CPU0[0m
[0;32mI (521) main_task: Calling app_main()[0m
------------------------------
[0;32mI (561) WIFI: wifi_setup: starting[0m
I (571) wifi:wifi driver task: 3ffbfdb0, prio:23, stack:6656, core=0
I (591) wifi:wifi firmware version: cc1dd81
I (591) wifi:wifi certification version: v7.0
I (591) wifi:config NVS flash: enabled
I (591) wifi:config nano formating: disabled
I (601) wifi:Init data frame dynamic rx buffer num: 32
I (601) wifi:Init static rx mgmt buffer num: 5
I (611) wifi:Init management short buffer num: 32
I (611) wifi:Init dynamic tx buffer num: 32
I (611) wifi:Init static rx buffer size: 1600
I (621) wifi:Init static rx buffer num: 10
I (621) wifi:Init dynamic rx buffer num: 32
[0;32mI (631) wifi_init: rx ba win: 6[0m
[0;32mI (631) wifi_init: tcpip mbox: 32[0m
[0;32mI (631) wifi_init: udp mbox: 6[0m
[0;32mI (641) wifi_init: tcp mbox: 6[0m
[0;32mI (641) wifi_init: tcp tx win: 5760[0m
[0;32mI (641) wifi_init: tcp rx win: 5760[0m
[0;32mI (651) wifi_init: tcp mss: 1440[0m
[0;32mI (651) wifi_init: WiFi IRAM OP enabled[0m
[0;32mI (661) wifi_init: WiFi RX IRAM OP enabled[0m
[0;32mI (661) WIFI: SSID: ssid -- PASS: password[0m
[0;32mI (671) phy_init: phy_version 4791,2c4672b,Dec 20 2023,16:06:06[0m
I (751) wifi:mode : sta (a8:42:e3:ce:6f:10)
I (761) wifi:enable tsf
event_id: 40
[0;32mI (761) WIFI: wifi_setup: done[0m
------------------------------
[0;32mI (761) WIFI: start[0m
